// Jest Snapshot v1, https://goo.gl/fbAQLP

exports[`ReviewsSection unit tests renders ReviewsSection correctly (smoke test) 1`] = `
<ReviewsSection
  meetup={
    Object {
      "arranger": UserImpl {
        "addAttending": [Function],
        "addReviewed": [Function],
        "attending": Array [
          "1",
          "2",
        ],
        "cancelAttending": [Function],
        "email": "tjalle@yahoo.com",
        "firstName": "Tjalle",
        "getDetails": [Function],
        "getFullName": [Function],
        "id": "1",
        "lastName": "Bergkvist",
        "password": "grillkorv",
        "reviewed": Array [
          "1",
        ],
        "saveDetailsToLocalStorage": [Function],
        "saveIdToLocalStorage": [Function],
      },
      "attending": 54,
      "capacity": null,
      "comments": Array [
        Object {
          "id": "1",
          "submittedAt": 2021-12-16T14:58:33.837Z,
          "text": "Great day!",
          "userId": "2",
        },
        Object {
          "id": "2",
          "submittedAt": 2021-12-16T14:59:22.526Z,
          "text": "Yes, it was, thanks!",
          "userId": "1",
        },
        Object {
          "id": "3",
          "submittedAt": 2021-12-17T12:34:42.949Z,
          "text": "Damn, I missed this",
          "userId": null,
        },
      ],
      "date": 2021-08-28T17:00:00.000Z,
      "description": "We meet in the park with pizzas and hang out all night",
      "id": "1",
      "location": Object {
        "city": "Stockholm",
        "street": "Vitabergsparken",
      },
      "online": false,
      "reviews": Array [
        Object {
          "id": "1",
          "meetupId": "1",
          "rating": 4,
        },
        Object {
          "id": "2",
          "meetupId": "1",
          "rating": 5,
        },
      ],
      "title": "Pizza Picnic",
    }
  }
  user={null}
>
  <section
    className="reviews"
  >
    <div
      className="headerRow"
    >
      <img
        alt="Star icon"
        src="star-empty.png"
      />
      <h3>
        Ratings
      </h3>
    </div>
    <p>
      This event has a 
      <span
        className="rating"
      >
        4.5
      </span>
       score out of 5 possible after 2 votes
    </p>
  </section>
</ReviewsSection>
`;
